> Task :app:processDebugMainManifest UP-TO-DATE
> Task :app:processDebugManifest UP-TO-DATE
> Task :app:processDebugManifestForPackage UP-TO-DATE
> Task :app:processDebugResources UP-TO-DATE
> Task :app:kspDebugKotlin UP-TO-DATE
> Task :app:javaPreCompileDebug UP-TO-DATE
> Task :app:preDebugAndroidTestBuild SKIPPED
> Task :app:generateDebugAndroidTestResValues FROM-CACHE
> Task :app:extractProguardFiles UP-TO-DATE
> Task :app:preDebugUnitTestBuild UP-TO-DATE

> Task :app:compileDebugKotlin FAILED
e: file:///home/runner/work/Malino/Malino/app/src/main/java/ir/kharjyar/app/ui/screens/CategoriesScreen.kt:175:46 Unresolved reference 'toPx'.
e: file:///home/runner/work/Malino/Malino/app/src/main/java/ir/kharjyar/app/ui/screens/CategoriesScreen.kt:176:53 Unresolved reference 'toPx'.
e: file:///home/runner/work/Malino/Malino/app/src/main/java/ir/kharjyar/app/ui/screens/CategoriesScreen.kt:180:85 Overload resolution ambiguity between candidates:
fun BigDecimal.unaryMinus(): BigDecimal
fun BigInteger.unaryMinus(): BigInteger
e: file:///home/runner/work/Malino/Malino/app/src/main/java/ir/kharjyar/app/ui/screens/CategoriesScreen.kt:196:30 This foundation API is experimental and is likely to change or be removed in the future.
e: file:///home/runner/work/Malino/Malino/app/src/main/java/ir/kharjyar/app/ui/screens/DebtsScreen.kt:120:83 Overload resolution ambiguity between candidates:
fun <T, R : Comparable<R>> Iterable<T>.minOfOrNull(selector: (T) -> R): R?
fun <T> Iterable<T>.minOfOrNull(selector: (T) -> Double): Double?
fun <T> Iterable<T>.minOfOrNull(selector: (T) -> Float): Float?
e: file:///home/runner/work/Malino/Malino/app/src/main/java/ir/kharjyar/app/ui/screens/DebtsScreen.kt:121:77 Overload resolution ambiguity between candidates:
fun <T, R : Comparable<R>> Iterable<T>.minOfOrNull(selector: (T) -> R): R?
fun <T> Iterable<T>.minOfOrNull(selector: (T) -> Double): Double?
fun <T> Iterable<T>.minOfOrNull(selector: (T) -> Float): Float?
e: file:///home/runner/work/Malino/Malino/app/src/main/java/ir/kharjyar/app/ui/screens/DebtsScreen.kt:226:49 Cannot infer type for this parameter. Please specify it explicitly.
e: file:///home/runner/work/Malino/Malino/app/src/main/java/ir/kharjyar/app/ui/screens/DebtsScreen.kt:226:49 Unresolved reference. None of the following candidates is applicable because of a receiver type mismatch:
fun <T, R> T.let(block: (T) -> R): R
    [R|Contract description]
     <
        CallsInPlace(block, EXACTLY_ONCE)
    >
e: file:///home/runner/work/Malino/Malino/app/src/main/java/ir/kharjyar/app/ui/screens/DebtsScreen.kt:226:53 Cannot infer type for this parameter. Please specify it explicitly.
e: file:///home/runner/work/Malino/Malino/app/src/main/java/ir/kharjyar/app/ui/screens/DebtsScreen.kt:227:37 @Composable invocations can only happen from the context of a @Composable function
e: file:///home/runner/work/Malino/Malino/app/src/main/java/ir/kharjyar/app/ui/screens/DebtsScreen.kt:233:46 Cannot infer type for this parameter. Please specify it explicitly.
e: file:///home/runner/work/Malino/Malino/app/src/main/java/ir/kharjyar/app/ui/screens/DebtsScreen.kt:233:46 Unresolved reference. None of the following candidates is applicable because of a receiver type mismatch:
fun <T, R> T.let(block: (T) -> R): R
    [R|Contract description]
     <
        CallsInPlace(block, EXACTLY_ONCE)
    >
e: file:///home/runner/work/Malino/Malino/app/src/main/java/ir/kharjyar/app/ui/screens/DebtsScreen.kt:233:50 Cannot infer type for this parameter. Please specify it explicitly.
e: file:///home/runner/work/Malino/Malino/app/src/main/java/ir/kharjyar/app/ui/screens/DebtsScreen.kt:234:37 @Composable invocations can only happen from the context of a @Composable function

FAILURE: Build failed with an exception.

* What went wrong:
Execution failed for task ':app:compileDebugKotlin'.
> A failure occurred while executing org.jetbrains.kotlin.compilerRunner.GradleCompilerRunnerWithWorkers$GradleKotlinCompilerWorkAction
   > Compilation error. See log for more details

* Try:
> Run with --stacktrace option to get the stack trace.
> Run with --info or --debug option to get more log output.
> Run with --scan to get full insights.
> Get more help at https://help.gradle.org.

BUILD FAILED in 4s
18 actionable tasks: 1 executed, 1 from cache, 16 up-to-date
