> Task :app:preBuild UP-TO-DATE
> Task :app:preReleaseBuild UP-TO-DATE
> Task :app:mergeReleaseJniLibFolders
> Task :app:buildKotlinToolingMetadata
> Task :app:checkKotlinGradlePluginConfigurationErrors SKIPPED
> Task :app:generateReleaseResValues
> Task :app:mapReleaseSourceSetPaths
> Task :app:generateReleaseResources
> Task :app:checkReleaseAarMetadata
> Task :app:checkReleaseDuplicateClasses
> Task :app:mergeReleaseNativeLibs
> Task :app:packageReleaseResources
> Task :app:parseReleaseLocalResources FROM-CACHE
> Task :app:createReleaseCompatibleScreenManifests
> Task :app:extractDeepLinksRelease FROM-CACHE
> Task :app:processReleaseMainManifest
> Task :app:processReleaseManifest
> Task :app:javaPreCompileRelease FROM-CACHE

> Task :app:stripReleaseDebugSymbols
Unable to strip the following libraries, packaging them as they are: libandroidx.graphics.path.so, libdatastore_shared_counter.so, libimage_processing_util_jni.so, libmlkit_google_ocr_pipeline.so, libsqlcipher.so.

> Task :app:mergeReleaseArtProfile
> Task :app:extractProguardFiles
> Task :app:extractReleaseNativeSymbolTables
> Task :app:mergeReleaseNativeDebugMetadata NO-SOURCE
> Task :app:mergeReleaseStartupProfile
> Task :app:mergeReleaseShaders
> Task :app:processReleaseManifestForPackage
> Task :app:compileReleaseShaders NO-SOURCE
> Task :app:generateReleaseAssets UP-TO-DATE
> Task :app:mergeReleaseAssets
> Task :app:compressReleaseAssets
> Task :app:extractReleaseVersionControlInfo
> Task :app:processApplicationManifestReleaseForBundle
> Task :app:collectReleaseDependencies
> Task :app:sdkReleaseDependencyData
> Task :app:validateSigningRelease
> Task :app:writeReleaseAppMetadata
> Task :app:writeReleaseSigningConfigVersions
> Task :app:mergeReleaseResources
> Task :app:processReleaseResources
> Task :app:bundleReleaseResources
> Task :app:kspReleaseKotlin

> Task :app:compileReleaseKotlin
w: file:///home/runner/work/Malino/Malino/app/src/main/java/ir/kharjyar/app/ui/components/CategoryGraphic.kt:49:76 'val Icons.Filled.ReceiptLong: ImageVector' is deprecated. Use the AutoMirrored version at Icons.AutoMirrored.Filled.ReceiptLong.
w: file:///home/runner/work/Malino/Malino/app/src/main/java/ir/kharjyar/app/ui/components/VehicleGraphic.kt:48:307 'fun quadraticBezierTo(x1: Float, y1: Float, x2: Float, y2: Float): Unit' is deprecated. Use quadraticTo() for consistency with cubicTo().
w: file:///home/runner/work/Malino/Malino/app/src/main/java/ir/kharjyar/app/ui/components/VehicleGraphic.kt:48:381 'fun quadraticBezierTo(x1: Float, y1: Float, x2: Float, y2: Float): Unit' is deprecated. Use quadraticTo() for consistency with cubicTo().
w: file:///home/runner/work/Malino/Malino/app/src/main/java/ir/kharjyar/app/ui/components/VehicleGraphic.kt:48:496 'fun quadraticBezierTo(x1: Float, y1: Float, x2: Float, y2: Float): Unit' is deprecated. Use quadraticTo() for consistency with cubicTo().
w: file:///home/runner/work/Malino/Malino/app/src/main/java/ir/kharjyar/app/ui/components/VehicleGraphic.kt:48:688 'fun quadraticBezierTo(x1: Float, y1: Float, x2: Float, y2: Float): Unit' is deprecated. Use quadraticTo() for consistency with cubicTo().
w: file:///home/runner/work/Malino/Malino/app/src/main/java/ir/kharjyar/app/ui/screens/AssetsScreen.kt:53:251 'val Icons.Filled.ArrowBack: ImageVector' is deprecated. Use the AutoMirrored version at Icons.AutoMirrored.Filled.ArrowBack.
w: file:///home/runner/work/Malino/Malino/app/src/main/java/ir/kharjyar/app/ui/screens/AssetsScreen.kt:83:228 'val Icons.Filled.ShowChart: ImageVector' is deprecated. Use the AutoMirrored version at Icons.AutoMirrored.Filled.ShowChart.
w: file:///home/runner/work/Malino/Malino/app/src/main/java/ir/kharjyar/app/ui/screens/AssetsScreen.kt:125:42 'val Icons.Filled.ArrowBack: ImageVector' is deprecated. Use the AutoMirrored version at Icons.AutoMirrored.Filled.ArrowBack.
w: file:///home/runner/work/Malino/Malino/app/src/main/java/ir/kharjyar/app/ui/screens/AssetsScreen.kt:227:42 'val Icons.Filled.ArrowBack: ImageVector' is deprecated. Use the AutoMirrored version at Icons.AutoMirrored.Filled.ArrowBack.
w: file:///home/runner/work/Malino/Malino/app/src/main/java/ir/kharjyar/app/ui/screens/ChecksScreen.kt:56:237 'val Icons.Filled.ArrowBack: ImageVector' is deprecated. Use the AutoMirrored version at Icons.AutoMirrored.Filled.ArrowBack.
w: file:///home/runner/work/Malino/Malino/app/src/main/java/ir/kharjyar/app/ui/screens/CivicCenterScreen.kt:62:55 'val Icons.Filled.ArrowBack: ImageVector' is deprecated. Use the AutoMirrored version at Icons.AutoMirrored.Filled.ArrowBack.
w: file:///home/runner/work/Malino/Malino/app/src/main/java/ir/kharjyar/app/ui/screens/CivicCenterScreen.kt:87:42 'val Icons.Filled.ArrowBack: ImageVector' is deprecated. Use the AutoMirrored version at Icons.AutoMirrored.Filled.ArrowBack.
w: file:///home/runner/work/Malino/Malino/app/src/main/java/ir/kharjyar/app/ui/screens/CivicCenterScreen.kt:100:173 'val Icons.Filled.ArrowBack: ImageVector' is deprecated. Use the AutoMirrored version at Icons.AutoMirrored.Filled.ArrowBack.
w: file:///home/runner/work/Malino/Malino/app/src/main/java/ir/kharjyar/app/ui/screens/DashboardScreen.kt:151:456 'val Icons.Filled.ShowChart: ImageVector' is deprecated. Use the AutoMirrored version at Icons.AutoMirrored.Filled.ShowChart.
w: file:///home/runner/work/Malino/Malino/app/src/main/java/ir/kharjyar/app/ui/screens/DashboardScreen.kt:542:38 'fun Modifier.animateItemPlacement(animationSpec: FiniteAnimationSpec<IntOffset> = ...): Modifier' is deprecated. Use Modifier.animateItem() instead.
w: file:///home/runner/work/Malino/Malino/app/src/main/java/ir/kharjyar/app/ui/screens/DashboardScreen.kt:627:67 Condition is always 'true'.
w: file:///home/runner/work/Malino/Malino/app/src/main/java/ir/kharjyar/app/ui/screens/DebtsScreen.kt:88:225 'val Icons.Filled.TrendingUp: ImageVector' is deprecated. Use the AutoMirrored version at Icons.AutoMirrored.Filled.TrendingUp.
w: file:///home/runner/work/Malino/Malino/app/src/main/java/ir/kharjyar/app/ui/screens/DebtsScreen.kt:88:341 'val Icons.Filled.TrendingDown: ImageVector' is deprecated. Use the AutoMirrored version at Icons.AutoMirrored.Filled.TrendingDown.
w: file:///home/runner/work/Malino/Malino/app/src/main/java/ir/kharjyar/app/ui/screens/DebtsScreen.kt:156:48 'val Icons.Filled.ArrowBack: ImageVector' is deprecated. Use the AutoMirrored version at Icons.AutoMirrored.Filled.ArrowBack.
w: file:///home/runner/work/Malino/Malino/app/src/main/java/ir/kharjyar/app/ui/screens/DebtsScreen.kt:235:50 'val Icons.Filled.ArrowBack: ImageVector' is deprecated. Use the AutoMirrored version at Icons.AutoMirrored.Filled.ArrowBack.
w: file:///home/runner/work/Malino/Malino/app/src/main/java/ir/kharjyar/app/ui/screens/LoansScreen.kt:133:42 'val Icons.Filled.ArrowBack: ImageVector' is deprecated. Use the AutoMirrored version at Icons.AutoMirrored.Filled.ArrowBack.
w: file:///home/runner/work/Malino/Malino/app/src/main/java/ir/kharjyar/app/ui/screens/LoansScreen.kt:196:44 'val Icons.Filled.ArrowBack: ImageVector' is deprecated. Use the AutoMirrored version at Icons.AutoMirrored.Filled.ArrowBack.
w: file:///home/runner/work/Malino/Malino/app/src/main/java/ir/kharjyar/app/ui/screens/NotificationCenterScreen.kt:37:110 'val Icons.Filled.ShowChart: ImageVector' is deprecated. Use the AutoMirrored version at Icons.AutoMirrored.Filled.ShowChart.
w: file:///home/runner/work/Malino/Malino/app/src/main/java/ir/kharjyar/app/ui/screens/RemindersScreen.kt:54:173 'val Icons.Filled.ArrowBack: ImageVector' is deprecated. Use the AutoMirrored version at Icons.AutoMirrored.Filled.ArrowBack.
w: file:///home/runner/work/Malino/Malino/app/src/main/java/ir/kharjyar/app/ui/screens/VehiclesScreen.kt:108:40 'val Icons.Filled.ArrowBack: ImageVector' is deprecated. Use the AutoMirrored version at Icons.AutoMirrored.Filled.ArrowBack.
w: file:///home/runner/work/Malino/Malino/app/src/main/java/ir/kharjyar/app/ui/screens/VehiclesScreen.kt:174:173 'val Icons.Filled.ArrowBack: ImageVector' is deprecated. Use the AutoMirrored version at Icons.AutoMirrored.Filled.ArrowBack.

> Task :app:compileReleaseJavaWithJavac
> Task :app:mergeReleaseGeneratedProguardFiles
> Task :app:processReleaseJavaRes
> Task :app:mergeReleaseJavaResource
> Task :app:expandReleaseArtProfileWildcards
> Task :app:minifyReleaseWithR8
> Task :app:compileReleaseArtProfile
> Task :app:shrinkReleaseRes
> Task :app:convertReleaseProtoResources
> Task :app:optimizeReleaseResources
> Task :app:packageRelease
> Task :app:createReleaseApkListingFileRedirect
> Task :app:assembleRelease

BUILD SUCCESSFUL in 2m 57s
48 actionable tasks: 45 executed, 3 from cache
